mapa_teclado mapa[]={
/*	nomal		shift		ctrl		alt		ctrlalt				*/
{	0,		0,		0,		0,		0		},	/* nulo	*/
{	27,		27,		27,		27,		27		},	/* ESC	*/
{	'1',		'!',		C('1'),	A('1'),	CA('1')	},	/* 1...0	*/
{	'2',		'@',		C('2'),	A('2'),	CA('2')	},
{	'3',		'#',		C('3'),	A('3'),	CA('3')	},
{	'4',		'$',		C('4'),	A('4'),	CA('4')	},
{	'5',		'%',		C('5'),	A('5'),	CA('5')	},
{	'6',		'^',		C('6'),	A('6'),	CA('6')	},
{	'7',		'&',		C('7'),	A('7'),	CA('7')	},
{	'8',		'*',		C('8'),	A('8'),	CA('8')	},
{	'9',		'(',		C('9'),	A('9'),	CA('9')	},
{	'0',		')',		C('0'),	A('0'),	CA('0')	},
{	'-',		'_',		C('-'),	A('-'),	CA('-')	},
{	'=',		'+',		C('='),	A('='),	CA('=')	},
{	'\b',		'\b',		C('\b'),	A('\b'),	CA('\b')	},	/* BS		*/
{	'\t',		'\t',		C('\t'),	A('\t'),	CA('\t')	},	/* TAB	*/
{	'q',		'Q',		C('q'),	A('q'),	CA('q')	},	/* q..]	*/
{	'w',		'W',		C('w'),	A('w'),	CA('w')	},	
{	'e',		'E',		C('e'),	130,		CA('e')	},	
{	'r',		'R',		'\n',		'\r',		CA('r')	},	
{	't',		'T',		'\t',		'\t',		CA('t')	},	
{	'y',		'Y',		C('y'),	A('y'),	CA('y')	},	
{	'u',		'U',		C('u'),	163,		129		},	
{	'i',		'I',		C('i'),	161,		CA('i')	},	
{	'o',		'O',		C('o'),	162,		CA('o')	},	
{	'p',		'P',		C('p'),	A('p'),	CA('p')	},	
{	'[',		'{',		C('['),	A('['),	CA('[')	},	
{	']',		'}',		C(']'),	A(']'),	CA(']')	},	
{	13,		13,		13,		13,		13		},	/* ENTER	*/
{	CTRL,		CTRL,		CTRL,		CTRL,		CTRL		},	/* CONTROL 	*/
{	'a',		'A',		C('a'),	160,		CA('a')	},	
{	's',		'S',		C('s'),	A('s'),	CA('s')	},	
{	'd',		'D',		C('d'),	A('d'),	CA('d')	},	
{	'f',		'F',		C('f'),	A('f'),	CA('f')	},	
{	'g',		'G',		C('g'),	A('g'),	CA('g')	},	
{	'h',		'H',		C('h'),	A('h'),	CA('h')	},	
{	'j',		'J',		C('j'),	A('j'),	CA('j')	},	
{	'k',		'K',		C('k'),	A('k'),	CA('k')	},	
{	'l',		'L',		'\n',		A('l'),	CA('l')	},	
{	';',		':',		C(';'),	164,		165		},	
{	'\'',		'"',		C('\''),	A('\''),	CA('\'')	},	
{	'`',		'~',		164,		165,		CA('º')	},	
{	SHIFT,	SHIFT,	SHIFT,	SHIFT,	SHIFT		},	
{	'\\',		'|',		C('\\'),	A('\\'),	CA('\\')	},	
{	'z',		'Z',		C('z'),	A('z'),	CA('z')	},	
{	'x',		'X',		C('x'),	'*',		CA('x')	},	
{	'c',		'C',		C('c'),	A('c'),	CA('c')	},	
{	'v',		'V',		C('v'),	A('v'),	CA('v')	},	
{	'b',		'B',		'\b',		A('b'),	'\b'		},	
{	'n',		'N',		164,		'\n',		165		},	
{	'm',		'M',		C('m'),	A('m'),	CA('m')	},	
{	',',		'<',		C(','),	A(','),	CA(',')	},	
{	'.',		'>',		C('.'),	A('.'),	CA('.')	},	
{	'/',		'?',		C('/'),	'¿',		CA('/')	},	
{	SHIFT,	SHIFT,	SHIFT,	SHIFT,	SHIFT		},	
{	'*',		'*',		C('*'),	A('*'),	CA('*')	},	
{	ALT,		ALT,		ALT,		ALT,		ALT		},	
{	' ',		' ',		' ',		' ',		' '		},	
{	CAPS,		CAPS,		CAPS,		CAPS,		CAPS		},	
{	F1,		SF1,		CF1,		AF1,		CF1		},	
{	F2,		SF2,		CF2,		AF2,		CF2		},	
{	F3,		SF3,		CF3,		AF3,		CF3		},	
{	F4,		SF4,		CF4,		AF4,		CF4		},	
{	F5,		SF5,		CF5,		AF5,		CF5		},	
{	F6,		SF6,		CF6,		AF6,		CF6		},	
{	F7,		SF7,		CF7,		AF7,		CF6		},	
{	F8,		SF8,		CF8,		AF8,		CF8		},	
{	F9,		SF9,		CF9,		AF9,		CF9		},	
{	F10,		SF10,		CF10,		AF10,		CF10		},	
{	NUM,		NUM,		NUM,		NUM,		NUM		},	
{	SCROLL,	SCROLL,	SCROLL,	SCROLL,	SCROLL	},	
{	HOME,		'7',		C('7'),	A('7'),	CA('7')	},	
{	ARRIBA,	'8',		C('8'),	A('8'),	CA('8')	},	
{	PARRIBA,	'9',		C('9'),	A('9'),	CA('9')	},	
{	'-',		'-',		'-',		'-',		'-'		},	
{	IZQ,		'4',		C('4'),	A('4'),	CA('4')	},	
{	MEDIO,	'5',		C('5'),	A('5'),	CA('5')	},	
{	DER,		'6',		C('6'),	A('6'),	CA('6')	},	
{	'+',		'+',		'+',		'+',		'+'		},	
{	END,		'1',		C('1'),	A('1'),	CA('1')	},	
{	ABAJO,	'2',		C('2'),	A('2'),	CA('2')	},	
{	PABAJO,	'3',		C('3'),	A('3'),	CA('3')	},	
{	INSERTAR,	'0',		C('0'),	A('0'),	CA('0')	},	
{	0,		'.',		0,		0,		0		},
{	13,		13,		13,		13,		13		},	/* ENTER	*/
{	0,	      0,	      0,	      0,	      0		},
{	0,	      0,	      0,	      0,	      0		},
{	F11,		SF11,		CF11,		AF11,		CF11		},
{	F12,		SF12,		CF12,		AF12,		CF12		},
{	0,	      0,	      0,	      0,	      0		},
{	0,	      0,	      0,	      0,	      0		},
{	0,	      0,	      0,	      0,	      0		},
{	0,	      0,	      0,	      0,	      0		},
{	0,	      0,	      0,	      0,	      0		},
{	0,	      0,	      0,	      0,	      0		},
{	0,	      0,	      0,	      0,	      0		},
{	0xE0,		0xE0,		0xE0,		0xE0,		0xE0		}
};
